{
  "filters_used": [
    {
      "path": "detect_secrets.filters.allowlist.is_line_allowlisted"
    },
    {
      "filename": ".secrets.baseline",
      "path": "detect_secrets.filters.common.is_baseline_file"
    },
    {
      "min_level": 2,
      "path": "detect_secrets.filters.common.is_ignored_due_to_verification_policies"
    },
    {
      "path": "detect_secrets.filters.heuristic.is_indirect_reference"
    },
    {
      "path": "detect_secrets.filters.heuristic.is_likely_id_string"
    },
    {
      "path": "detect_secrets.filters.heuristic.is_lock_file"
    },
    {
      "path": "detect_secrets.filters.heuristic.is_not_alphanumeric_string"
    },
    {
      "path": "detect_secrets.filters.heuristic.is_potential_uuid"
    },
    {
      "path": "detect_secrets.filters.heuristic.is_prefixed_with_dollar_sign"
    },
    {
      "path": "detect_secrets.filters.heuristic.is_sequential_string"
    },
    {
      "path": "detect_secrets.filters.heuristic.is_swagger_file"
    },
    {
      "path": "detect_secrets.filters.heuristic.is_templated_secret"
    },
    {
      "path": "detect_secrets.filters.regex.should_exclude_file",
      "pattern": [
        "\\.wt/|\\.venv/|\\.secrets\\.baseline|\\.security/"
      ]
    }
  ],
  "plugins_used": [
    {
      "name": "ArtifactoryDetector"
    },
    {
      "name": "AWSKeyDetector"
    },
    {
      "name": "AzureStorageKeyDetector"
    },
    {
      "limit": 4.5,
      "name": "Base64HighEntropyString"
    },
    {
      "name": "BasicAuthDetector"
    },
    {
      "name": "CloudantDetector"
    },
    {
      "name": "DiscordBotTokenDetector"
    },
    {
      "name": "GitHubTokenDetector"
    },
    {
      "name": "GitLabTokenDetector"
    },
    {
      "limit": 3.0,
      "name": "HexHighEntropyString"
    },
    {
      "name": "IbmCloudIamDetector"
    },
    {
      "name": "IbmCosHmacDetector"
    },
    {
      "name": "IPPublicDetector"
    },
    {
      "name": "JwtTokenDetector"
    },
    {
      "keyword_exclude": "",
      "name": "KeywordDetector"
    },
    {
      "name": "MailchimpDetector"
    },
    {
      "name": "NpmDetector"
    },
    {
      "name": "OpenAIDetector"
    },
    {
      "name": "PrivateKeyDetector"
    },
    {
      "name": "PypiTokenDetector"
    },
    {
      "name": "SendGridDetector"
    },
    {
      "name": "SlackDetector"
    },
    {
      "name": "SoftlayerDetector"
    },
    {
      "name": "SquareOAuthDetector"
    },
    {
      "name": "StripeDetector"
    },
    {
      "name": "TelegramBotTokenDetector"
    },
    {
      "name": "TwilioKeyDetector"
    }
  ],
  "results": {
    "CHANGELOG.md": [
      {
        "filename": "CHANGELOG.md",
        "hashed_secret": "6367c48dd193d56ea7b0baad25b19455e529f5ee",
        "is_verified": false,
        "line_number": 0,
        "type": "Secret Keyword"
      },
      {
        "filename": "CHANGELOG.md",
        "hashed_secret": "9d4e1e23bd5b727046a9e3b4b7db57bd8d6ee684",
        "is_verified": false,
        "line_number": 0,
        "type": "Basic Auth Credentials"
      }
    ],
    "SECURITY.md": [
      {
        "filename": "SECURITY.md",
        "hashed_secret": "9d4e1e23bd5b727046a9e3b4b7db57bd8d6ee684",
        "is_verified": false,
        "line_number": 0,
        "type": "Basic Auth Credentials"
      }
    ],
    "docs/quarry.md": [
      {
        "filename": "docs/quarry.md",
        "hashed_secret": "c7a8c334eef5d1749fface7d42c66f9ae5e8cf36",
        "is_verified": false,
        "line_number": 0,
        "type": "Secret Keyword"
      }
    ],
    "docs/verification.md": [
      {
        "filename": "docs/verification.md",
        "hashed_secret": "c7a8c334eef5d1749fface7d42c66f9ae5e8cf36",
        "is_verified": false,
        "line_number": 0,
        "type": "Secret Keyword"
      }
    ],
    "examples/reference_validation/differential_fixtures/af90791374d1b44e1a88ec5d2e109f4390e22bf99566c2d38672d61e68f3c09f.json": [
      {
        "filename": "examples/reference_validation/differential_fixtures/af90791374d1b44e1a88ec5d2e109f4390e22bf99566c2d38672d61e68f3c09f.json",
        "hashed_secret": "929528bdd70cfa94de35b385fd100bd3ea5ae1ed",
        "is_secret": false,
        "is_verified": false,
        "line_number": 0,
        "type": "Base64 High Entropy String"
      }
    ],
    "examples/reference_validation/differential_fixtures/e5fdbc39d4e45a1af62fadbec4c29464c7d2bd0aa2beea58231f8584881f2ac6.json": [
      {
        "filename": "examples/reference_validation/differential_fixtures/e5fdbc39d4e45a1af62fadbec4c29464c7d2bd0aa2beea58231f8584881f2ac6.json",
        "hashed_secret": "24b23fc3b19a33c2c84e32ad76ec422cd122106c",
        "is_secret": false,
        "is_verified": false,
        "line_number": 0,
        "type": "Base64 High Entropy String"
      }
    ],
    "examples/reference_validation/differential_fixtures/e8e7d6c1f09df0c42ad73ca4962b507e3d07b79d9bc599e6c7cfbc65498930fe.json": [
      {
        "filename": "examples/reference_validation/differential_fixtures/e8e7d6c1f09df0c42ad73ca4962b507e3d07b79d9bc599e6c7cfbc65498930fe.json",
        "hashed_secret": "60e8b64ea5b985cceaac2a06715adeeae4912a23",
        "is_secret": false,
        "is_verified": false,
        "line_number": 0,
        "type": "Base64 High Entropy String"
      }
    ],
    "src/mylonite/_redaction.py": [
      {
        "filename": "src/mylonite/_redaction.py",
        "hashed_secret": "e5e9fa1ba31ecd1ae84f75caaa474f3a663f05f4",
        "is_verified": false,
        "line_number": 0,
        "type": "Basic Auth Credentials"
      }
    ],
    "src/mylonite/demo/fixtures/guarded/1a226a3af4bf.json": [
      {
        "filename": "src/mylonite/demo/fixtures/guarded/1a226a3af4bf.json",
        "hashed_secret": "ac5d1434757e60266bd5544fb322c17250915278",
        "is_secret": false,
        "is_verified": false,
        "line_number": 0,
        "type": "Base64 High Entropy String"
      },
      {
        "filename": "src/mylonite/demo/fixtures/guarded/1a226a3af4bf.json",
        "hashed_secret": "261217beb49649e9c8e960eb75ec6322ac09800d",
        "is_secret": false,
        "is_verified": false,
        "line_number": 0,
        "type": "Hex High Entropy String"
      }
    ],
    "src/mylonite/demo/fixtures/guarded/1e5aa873ba4b.json": [
      {
        "filename": "src/mylonite/demo/fixtures/guarded/1e5aa873ba4b.json",
        "hashed_secret": "b55a5a31f9011c449296674f9c2495cc881e77a6",
        "is_secret": false,
        "is_verified": false,
        "line_number": 0,
        "type": "Base64 High Entropy String"
      },
      {
        "filename": "src/mylonite/demo/fixtures/guarded/1e5aa873ba4b.json",
        "hashed_secret": "f619f605715a4ba6e2ed767de525e0ac6d9483c5",
        "is_secret": false,
        "is_verified": false,
        "line_number": 0,
        "type": "Hex High Entropy String"
      }
    ],
    "src/mylonite/demo/fixtures/guarded/1ff046619315.json": [
      {
        "filename": "src/mylonite/demo/fixtures/guarded/1ff046619315.json",
        "hashed_secret": "a80d5da92c94e95b34f0f87d270fb60435c78777",
        "is_secret": false,
        "is_verified": false,
        "line_number": 0,
        "type": "Hex High Entropy String"
      }
    ],
    "src/mylonite/demo/fixtures/guarded/2f5b49d3ed96.json": [
      {
        "filename": "src/mylonite/demo/fixtures/guarded/2f5b49d3ed96.json",
        "hashed_secret": "44e4228ab1bc0720db779de900ba9b9c85a58b55",
        "is_secret": false,
        "is_verified": false,
        "line_number": 0,
        "type": "Hex High Entropy String"
      }
    ],
    "src/mylonite/demo/fixtures/guarded/51f10ca30b96.json": [
      {
        "filename": "src/mylonite/demo/fixtures/guarded/51f10ca30b96.json",
        "hashed_secret": "550f3ac7bbee9f49b97070af75f0e9bafb4b564e",
        "is_secret": false,
        "is_verified": false,
        "line_number": 0,
        "type": "Hex High Entropy String"
      }
    ],
    "src/mylonite/demo/fixtures/guarded/551d53b8e529.json": [
      {
        "filename": "src/mylonite/demo/fixtures/guarded/551d53b8e529.json",
        "hashed_secret": "5849bebf5e7c0c741c657587d9567e58932c06c0",
        "is_secret": false,
        "is_verified": false,
        "line_number": 0,
        "type": "Base64 High Entropy String"
      },
      {
        "filename": "src/mylonite/demo/fixtures/guarded/551d53b8e529.json",
        "hashed_secret": "620777341e32397093f096e6e92e8d0205e82ce0",
        "is_secret": false,
        "is_verified": false,
        "line_number": 0,
        "type": "Hex High Entropy String"
      }
    ],
    "src/mylonite/demo/fixtures/guarded/59db57ef8eb0.json": [
      {
        "filename": "src/mylonite/demo/fixtures/guarded/59db57ef8eb0.json",
        "hashed_secret": "f4578e4bc220c16a66dd863bf1571c118a535a52",
        "is_secret": false,
        "is_verified": false,
        "line_number": 0,
        "type": "Hex High Entropy String"
      }
    ],
    "src/mylonite/demo/fixtures/guarded/5f00aee126e1.json": [
      {
        "filename": "src/mylonite/demo/fixtures/guarded/5f00aee126e1.json",
        "hashed_secret": "4f49090d186d93df7b53d93df3280034fa4d7b64",
        "is_secret": false,
        "is_verified": false,
        "line_number": 0,
        "type": "Hex High Entropy String"
      }
    ],
    "src/mylonite/demo/fixtures/guarded/7488a4a85301.json": [
      {
        "filename": "src/mylonite/demo/fixtures/guarded/7488a4a85301.json",
        "hashed_secret": "64b36623f16f77907ac72d4674277fe14d01991a",
        "is_secret": false,
        "is_verified": false,
        "line_number": 0,
        "type": "Base64 High Entropy String"
      },
      {
        "filename": "src/mylonite/demo/fixtures/guarded/7488a4a85301.json",
        "hashed_secret": "ab5628f0daadcd11817fa3239e2ae0ba09f45a08",
        "is_secret": false,
        "is_verified": false,
        "line_number": 0,
        "type": "Hex High Entropy String"
      }
    ],
    "src/mylonite/demo/fixtures/guarded/799c1556a5b1.json": [
      {
        "filename": "src/mylonite/demo/fixtures/guarded/799c1556a5b1.json",
        "hashed_secret": "9b1a2b57f3687f1955e83570a7739f90965d2a69",
        "is_secret": false,
        "is_verified": false,
        "line_number": 0,
        "type": "Hex High Entropy String"
      }
    ],
    "src/mylonite/demo/fixtures/guarded/7a406e2683f5.json": [
      {
        "filename": "src/mylonite/demo/fixtures/guarded/7a406e2683f5.json",
        "hashed_secret": "64c75e37b21291ae1917038bd8e7cd0c52bafe7c",
        "is_secret": false,
        "is_verified": false,
        "line_number": 0,
        "type": "Hex High Entropy String"
      }
    ],
    "src/mylonite/demo/fixtures/guarded/7bdfdb91dcec.json": [
      {
        "filename": "src/mylonite/demo/fixtures/guarded/7bdfdb91dcec.json",
        "hashed_secret": "8dbc466a6ab6f2d630611a219e298e793031a104",
        "is_secret": false,
        "is_verified": false,
        "line_number": 0,
        "type": "Hex High Entropy String"
      }
    ],
    "src/mylonite/demo/fixtures/guarded/80da79ce1321.json": [
      {
        "filename": "src/mylonite/demo/fixtures/guarded/80da79ce1321.json",
        "hashed_secret": "4cbdfa0660612af2bafa6d52a6ff0fef780e2ed6",
        "is_secret": false,
        "is_verified": false,
        "line_number": 0,
        "type": "Base64 High Entropy String"
      },
      {
        "filename": "src/mylonite/demo/fixtures/guarded/80da79ce1321.json",
        "hashed_secret": "2b15a31d137a9316e465d842fb1a07ad466aa93d",
        "is_secret": false,
        "is_verified": false,
        "line_number": 0,
        "type": "Hex High Entropy String"
      }
    ],
    "src/mylonite/demo/fixtures/guarded/a28dd2632c56.json": [
      {
        "filename": "src/mylonite/demo/fixtures/guarded/a28dd2632c56.json",
        "hashed_secret": "cacd1a0bc7d8be05c4247c35b47a191bdda11ddf",
        "is_secret": false,
        "is_verified": false,
        "line_number": 0,
        "type": "Hex High Entropy String"
      }
    ],
    "src/mylonite/demo/fixtures/guarded/a6cfedc38bd4.json": [
      {
        "filename": "src/mylonite/demo/fixtures/guarded/a6cfedc38bd4.json",
        "hashed_secret": "ba5f5ce287308d8082226168fd56df6f61c8b210",
        "is_secret": false,
        "is_verified": false,
        "line_number": 0,
        "type": "Base64 High Entropy String"
      },
      {
        "filename": "src/mylonite/demo/fixtures/guarded/a6cfedc38bd4.json",
        "hashed_secret": "c8548f613c570e94d6cdb6b9aa51fa153b192613",
        "is_secret": false,
        "is_verified": false,
        "line_number": 0,
        "type": "Hex High Entropy String"
      }
    ],
    "src/mylonite/demo/fixtures/guarded/aa0dfdd321da.json": [
      {
        "filename": "src/mylonite/demo/fixtures/guarded/aa0dfdd321da.json",
        "hashed_secret": "8ed14ab05267bff7898bf6f707224394b49ac93c",
        "is_secret": false,
        "is_verified": false,
        "line_number": 0,
        "type": "Base64 High Entropy String"
      },
      {
        "filename": "src/mylonite/demo/fixtures/guarded/aa0dfdd321da.json",
        "hashed_secret": "29e466ebd6364864d5fe28fe5dc893c0f5d26d59",
        "is_secret": false,
        "is_verified": false,
        "line_number": 0,
        "type": "Hex High Entropy String"
      }
    ],
    "src/mylonite/demo/fixtures/guarded/b4c6b785ff0b.json": [
      {
        "filename": "src/mylonite/demo/fixtures/guarded/b4c6b785ff0b.json",
        "hashed_secret": "84521850ba301612567901d1ea2e6bfb0d8fb78c",
        "is_secret": false,
        "is_verified": false,
        "line_number": 0,
        "type": "Hex High Entropy String"
      }
    ],
    "src/mylonite/demo/fixtures/guarded/dc81615d853a.json": [
      {
        "filename": "src/mylonite/demo/fixtures/guarded/dc81615d853a.json",
        "hashed_secret": "204bb2e5565e0cc5145e07be294514ccbeaca98d",
        "is_secret": false,
        "is_verified": false,
        "line_number": 0,
        "type": "Hex High Entropy String"
      }
    ],
    "src/mylonite/demo/fixtures/vulnerable/145087a021a9.json": [
      {
        "filename": "src/mylonite/demo/fixtures/vulnerable/145087a021a9.json",
        "hashed_secret": "336fb3999250928777f372423ff8e7f6e9a3c827",
        "is_secret": false,
        "is_verified": false,
        "line_number": 0,
        "type": "Base64 High Entropy String"
      },
      {
        "filename": "src/mylonite/demo/fixtures/vulnerable/145087a021a9.json",
        "hashed_secret": "8dcc819113fb49a2d88e0fa1a49214c70c39f71f",
        "is_secret": false,
        "is_verified": false,
        "line_number": 0,
        "type": "Hex High Entropy String"
      }
    ],
    "src/mylonite/demo/fixtures/vulnerable/1ed9247d4041.json": [
      {
        "filename": "src/mylonite/demo/fixtures/vulnerable/1ed9247d4041.json",
        "hashed_secret": "3053b83b7a9d74ae3661e051889f173076d9fed0",
        "is_secret": false,
        "is_verified": false,
        "line_number": 0,
        "type": "Hex High Entropy String"
      }
    ],
    "src/mylonite/demo/fixtures/vulnerable/1f7bc7330ddd.json": [
      {
        "filename": "src/mylonite/demo/fixtures/vulnerable/1f7bc7330ddd.json",
        "hashed_secret": "88cfb703974f5ffe0ff3b7af545452e6a957ae6f",
        "is_secret": false,
        "is_verified": false,
        "line_number": 0,
        "type": "Hex High Entropy String"
      }
    ],
    "src/mylonite/demo/fixtures/vulnerable/227e2ec41b25.json": [
      {
        "filename": "src/mylonite/demo/fixtures/vulnerable/227e2ec41b25.json",
        "hashed_secret": "d2a141ccd848e1e18362fd7f2e91b42244982e92",
        "is_secret": false,
        "is_verified": false,
        "line_number": 0,
        "type": "Hex High Entropy String"
      }
    ],
    "src/mylonite/demo/fixtures/vulnerable/31b56df0179b.json": [
      {
        "filename": "src/mylonite/demo/fixtures/vulnerable/31b56df0179b.json",
        "hashed_secret": "d0a2e54f49b622e68db35fd144d9eaa527aee1b0",
        "is_secret": false,
        "is_verified": false,
        "line_number": 0,
        "type": "Hex High Entropy String"
      }
    ],
    "src/mylonite/demo/fixtures/vulnerable/4172e7bfd546.json": [
      {
        "filename": "src/mylonite/demo/fixtures/vulnerable/4172e7bfd546.json",
        "hashed_secret": "04854609d270f930bb60710e8e4ef0e1fd49cdd2",
        "is_secret": false,
        "is_verified": false,
        "line_number": 0,
        "type": "Base64 High Entropy String"
      },
      {
        "filename": "src/mylonite/demo/fixtures/vulnerable/4172e7bfd546.json",
        "hashed_secret": "5a0129697b4b418623ff1358b8dbac03e46f9358",
        "is_secret": false,
        "is_verified": false,
        "line_number": 0,
        "type": "Hex High Entropy String"
      }
    ],
    "src/mylonite/demo/fixtures/vulnerable/51e5818b6330.json": [
      {
        "filename": "src/mylonite/demo/fixtures/vulnerable/51e5818b6330.json",
        "hashed_secret": "2ae1d4849f084cb399e2f11ac56c1ead3a15fdc4",
        "is_secret": false,
        "is_verified": false,
        "line_number": 0,
        "type": "Hex High Entropy String"
      }
    ],
    "src/mylonite/demo/fixtures/vulnerable/5a8092a29e5d.json": [
      {
        "filename": "src/mylonite/demo/fixtures/vulnerable/5a8092a29e5d.json",
        "hashed_secret": "0f3edd2af1b21c9ddd253f78a89b6602f1e7f9ae",
        "is_secret": false,
        "is_verified": false,
        "line_number": 0,
        "type": "Hex High Entropy String"
      }
    ],
    "src/mylonite/demo/fixtures/vulnerable/6407cb66b5c5.json": [
      {
        "filename": "src/mylonite/demo/fixtures/vulnerable/6407cb66b5c5.json",
        "hashed_secret": "f75f19e2d7228a66121a3abf6fbb13923d6b4412",
        "is_secret": false,
        "is_verified": false,
        "line_number": 0,
        "type": "Hex High Entropy String"
      }
    ],
    "src/mylonite/demo/fixtures/vulnerable/7269c729e0c6.json": [
      {
        "filename": "src/mylonite/demo/fixtures/vulnerable/7269c729e0c6.json",
        "hashed_secret": "5c02851302ce60b660712bcc135175c42943978d",
        "is_secret": false,
        "is_verified": false,
        "line_number": 0,
        "type": "Base64 High Entropy String"
      },
      {
        "filename": "src/mylonite/demo/fixtures/vulnerable/7269c729e0c6.json",
        "hashed_secret": "e3a9870043fcf0f9b72a3d99a030c879b402e731",
        "is_secret": false,
        "is_verified": false,
        "line_number": 0,
        "type": "Hex High Entropy String"
      }
    ],
    "src/mylonite/demo/fixtures/vulnerable/7573f454e9a4.json": [
      {
        "filename": "src/mylonite/demo/fixtures/vulnerable/7573f454e9a4.json",
        "hashed_secret": "8cecad3129d677ad8f05efce27d79fd6776252df",
        "is_secret": false,
        "is_verified": false,
        "line_number": 0,
        "type": "Hex High Entropy String"
      }
    ],
    "src/mylonite/demo/fixtures/vulnerable/7e31cb69e9dd.json": [
      {
        "filename": "src/mylonite/demo/fixtures/vulnerable/7e31cb69e9dd.json",
        "hashed_secret": "b69dc7245e77d5bc425ff7302504532476fb609a",
        "is_secret": false,
        "is_verified": false,
        "line_number": 0,
        "type": "Hex High Entropy String"
      }
    ],
    "src/mylonite/demo/fixtures/vulnerable/84accf4e7243.json": [
      {
        "filename": "src/mylonite/demo/fixtures/vulnerable/84accf4e7243.json",
        "hashed_secret": "413ab6db00abcacbe473f74236c28a2b61043b45",
        "is_secret": false,
        "is_verified": false,
        "line_number": 0,
        "type": "Base64 High Entropy String"
      },
      {
        "filename": "src/mylonite/demo/fixtures/vulnerable/84accf4e7243.json",
        "hashed_secret": "a0510955fb05fc15bdd9cf9fd45d2f7285dbbc2e",
        "is_secret": false,
        "is_verified": false,
        "line_number": 0,
        "type": "Hex High Entropy String"
      }
    ],
    "src/mylonite/demo/fixtures/vulnerable/cdc62d387ba6.json": [
      {
        "filename": "src/mylonite/demo/fixtures/vulnerable/cdc62d387ba6.json",
        "hashed_secret": "dfd6d96976c9c9e1db20fd704fb53491ee00d85f",
        "is_secret": false,
        "is_verified": false,
        "line_number": 0,
        "type": "Hex High Entropy String"
      }
    ],
    "src/mylonite/demo/fixtures/vulnerable/d6831c51f96f.json": [
      {
        "filename": "src/mylonite/demo/fixtures/vulnerable/d6831c51f96f.json",
        "hashed_secret": "0590906da0b4ca17079cf7faf98275ee48b0bac0",
        "is_secret": false,
        "is_verified": false,
        "line_number": 0,
        "type": "Hex High Entropy String"
      }
    ],
    "src/mylonite/demo/fixtures/vulnerable/eefb43c79af7.json": [
      {
        "filename": "src/mylonite/demo/fixtures/vulnerable/eefb43c79af7.json",
        "hashed_secret": "de01aeb6cc463c715754f7191908f91f6e52a201",
        "is_secret": false,
        "is_verified": false,
        "line_number": 0,
        "type": "Hex High Entropy String"
      }
    ],
    "src/mylonite/demo/fixtures/vulnerable/f4c90112ceb2.json": [
      {
        "filename": "src/mylonite/demo/fixtures/vulnerable/f4c90112ceb2.json",
        "hashed_secret": "ea280f78356d7f3a1cb073afbbe5f82d6ec6b4c8",
        "is_secret": false,
        "is_verified": false,
        "line_number": 0,
        "type": "Hex High Entropy String"
      }
    ],
    "src/mylonite/demo/kept/differential_fixtures/0c383e35d55a.json": [
      {
        "filename": "src/mylonite/demo/kept/differential_fixtures/0c383e35d55a.json",
        "hashed_secret": "54e0e5296baf7644a1df798348e55bba4d777c37",
        "is_secret": false,
        "is_verified": false,
        "line_number": 0,
        "type": "Hex High Entropy String"
      }
    ],
    "src/mylonite/demo/kept/differential_fixtures/abf340f519ab.json": [
      {
        "filename": "src/mylonite/demo/kept/differential_fixtures/abf340f519ab.json",
        "hashed_secret": "3864947dec2c3d5bcaf952936ebf1c0922c2047c",
        "is_secret": false,
        "is_verified": false,
        "line_number": 0,
        "type": "Hex High Entropy String"
      }
    ],
    "src/mylonite/demo/kept/differential_fixtures/b9b75abb79ce.json": [
      {
        "filename": "src/mylonite/demo/kept/differential_fixtures/b9b75abb79ce.json",
        "hashed_secret": "505d39d083bfb6e747b5749b24b4f624a796bac6",
        "is_secret": false,
        "is_verified": false,
        "line_number": 0,
        "type": "Hex High Entropy String"
      }
    ],
    "src/mylonite/demo/kept/differential_fixtures/c2951a325b04.json": [
      {
        "filename": "src/mylonite/demo/kept/differential_fixtures/c2951a325b04.json",
        "hashed_secret": "ef26dc846fd1f55623aa787a77a204bb058e086e",
        "is_secret": false,
        "is_verified": false,
        "line_number": 0,
        "type": "Hex High Entropy String"
      }
    ],
    "src/mylonite/demo/kept/differential_fixtures/c47e6c2132ec.json": [
      {
        "filename": "src/mylonite/demo/kept/differential_fixtures/c47e6c2132ec.json",
        "hashed_secret": "f9786d29a62b73383c950a563f5c05459f931190",
        "is_secret": false,
        "is_verified": false,
        "line_number": 0,
        "type": "Hex High Entropy String"
      }
    ],
    "src/mylonite/demo/kept/differential_fixtures/cb9b0c48c224.json": [
      {
        "filename": "src/mylonite/demo/kept/differential_fixtures/cb9b0c48c224.json",
        "hashed_secret": "dcc96b00e216b5175153c32ffa7e315ea36a1ed0",
        "is_secret": false,
        "is_verified": false,
        "line_number": 0,
        "type": "Base64 High Entropy String"
      },
      {
        "filename": "src/mylonite/demo/kept/differential_fixtures/cb9b0c48c224.json",
        "hashed_secret": "66e65e9d7651a48804a01d77427fb14bc17d1837",
        "is_secret": false,
        "is_verified": false,
        "line_number": 0,
        "type": "Hex High Entropy String"
      }
    ],
    "src/mylonite/demo/kept/differential_fixtures/d9553df3b66a.json": [
      {
        "filename": "src/mylonite/demo/kept/differential_fixtures/d9553df3b66a.json",
        "hashed_secret": "ca80a3b500c9dbf5999d3a66c1cfbcf3d9a1e72f",
        "is_secret": false,
        "is_verified": false,
        "line_number": 0,
        "type": "Hex High Entropy String"
      }
    ],
    "src/mylonite/demo/kept/differential_fixtures/e06126ec39bc.json": [
      {
        "filename": "src/mylonite/demo/kept/differential_fixtures/e06126ec39bc.json",
        "hashed_secret": "dc97c289cd59ba42cf1134b087091d8fd108fab0",
        "is_secret": false,
        "is_verified": false,
        "line_number": 0,
        "type": "Base64 High Entropy String"
      },
      {
        "filename": "src/mylonite/demo/kept/differential_fixtures/e06126ec39bc.json",
        "hashed_secret": "587c71a945eeccbb0806f5660a106a1370fc875e",
        "is_secret": false,
        "is_verified": false,
        "line_number": 0,
        "type": "Hex High Entropy String"
      }
    ],
    "src/mylonite/demo/kept/differential_fixtures/edbf37803855.json": [
      {
        "filename": "src/mylonite/demo/kept/differential_fixtures/edbf37803855.json",
        "hashed_secret": "add386d7eeb13db5c00b3858ab2f6129d98f21c0",
        "is_secret": false,
        "is_verified": false,
        "line_number": 0,
        "type": "Hex High Entropy String"
      }
    ],
    "src/mylonite/demo/kept/differential_fixtures/fb40d0a6af2f.json": [
      {
        "filename": "src/mylonite/demo/kept/differential_fixtures/fb40d0a6af2f.json",
        "hashed_secret": "2d998323de448cf9c106a517647956c3e9bf7b38",
        "is_secret": false,
        "is_verified": false,
        "line_number": 0,
        "type": "Hex High Entropy String"
      }
    ],
    "src/mylonite/demo/kept/fixtures/0cb33ac3c646.json": [
      {
        "filename": "src/mylonite/demo/kept/fixtures/0cb33ac3c646.json",
        "hashed_secret": "387e39e7613710bb170c5867b2f93ca1e0731186",
        "is_secret": false,
        "is_verified": false,
        "line_number": 0,
        "type": "Base64 High Entropy String"
      },
      {
        "filename": "src/mylonite/demo/kept/fixtures/0cb33ac3c646.json",
        "hashed_secret": "4367a7eb4a9f437bbd3ebbb118680f4a06f1879a",
        "is_secret": false,
        "is_verified": false,
        "line_number": 0,
        "type": "Hex High Entropy String"
      }
    ],
    "src/mylonite/demo/kept/fixtures/1498a1c979c2.json": [
      {
        "filename": "src/mylonite/demo/kept/fixtures/1498a1c979c2.json",
        "hashed_secret": "22182a92d6685010ecab5d9803c7dc66503c7ca3",
        "is_secret": false,
        "is_verified": false,
        "line_number": 0,
        "type": "Hex High Entropy String"
      }
    ],
    "src/mylonite/demo/kept/fixtures/456960dd2c78.json": [
      {
        "filename": "src/mylonite/demo/kept/fixtures/456960dd2c78.json",
        "hashed_secret": "f02821cfb2dbaf4b29b9d411f874b359024f0ed2",
        "is_secret": false,
        "is_verified": false,
        "line_number": 0,
        "type": "Hex High Entropy String"
      }
    ],
    "src/mylonite/demo/kept/fixtures/a970120ec625.json": [
      {
        "filename": "src/mylonite/demo/kept/fixtures/a970120ec625.json",
        "hashed_secret": "8372d694e25d90616cc644190dbba6ff45540b92",
        "is_secret": false,
        "is_verified": false,
        "line_number": 0,
        "type": "Hex High Entropy String"
      }
    ],
    "src/mylonite/demo/kept/red_fixtures/0c383e35d55a.json": [
      {
        "filename": "src/mylonite/demo/kept/red_fixtures/0c383e35d55a.json",
        "hashed_secret": "12736e6f1ce650a6df19eeaf1bcb330abf7b3e54",
        "is_secret": false,
        "is_verified": false,
        "line_number": 0,
        "type": "Base64 High Entropy String"
      },
      {
        "filename": "src/mylonite/demo/kept/red_fixtures/0c383e35d55a.json",
        "hashed_secret": "54e0e5296baf7644a1df798348e55bba4d777c37",
        "is_secret": false,
        "is_verified": false,
        "line_number": 0,
        "type": "Hex High Entropy String"
      }
    ],
    "src/mylonite/demo/kept/red_fixtures/aa849c125898.json": [
      {
        "filename": "src/mylonite/demo/kept/red_fixtures/aa849c125898.json",
        "hashed_secret": "2f58474204e5cdf6662bedb179403f11db28becd",
        "is_secret": false,
        "is_verified": false,
        "line_number": 0,
        "type": "Hex High Entropy String"
      }
    ],
    "src/mylonite/demo/kept/red_fixtures/ebb62161444a.json": [
      {
        "filename": "src/mylonite/demo/kept/red_fixtures/ebb62161444a.json",
        "hashed_secret": "9615d910f6197813c3875d168dd2d827fb12ba51",
        "is_secret": false,
        "is_verified": false,
        "line_number": 0,
        "type": "Hex High Entropy String"
      }
    ],
    "src/mylonite/scan/llm_policy.py": [
      {
        "filename": "src/mylonite/scan/llm_policy.py",
        "hashed_secret": "9d4e1e23bd5b727046a9e3b4b7db57bd8d6ee684",
        "is_verified": false,
        "line_number": 0,
        "type": "Basic Auth Credentials"
      }
    ],
    "tests/fixtures/schema_versions.snapshot.json": [
      {
        "filename": "tests/fixtures/schema_versions.snapshot.json",
        "hashed_secret": "16f43476d24c6e06e0f0160e900d2f6589f410b3",
        "is_verified": false,
        "line_number": 0,
        "type": "Hex High Entropy String"
      },
      {
        "filename": "tests/fixtures/schema_versions.snapshot.json",
        "hashed_secret": "1a7aa83a194db6cdba70cd207c6ab0705d7fae8a",
        "is_verified": false,
        "line_number": 0,
        "type": "Hex High Entropy String"
      },
      {
        "filename": "tests/fixtures/schema_versions.snapshot.json",
        "hashed_secret": "51d1dea33f33a98035e3aedebe9fd59e92c37f8b",
        "is_verified": false,
        "line_number": 0,
        "type": "Hex High Entropy String"
      },
      {
        "filename": "tests/fixtures/schema_versions.snapshot.json",
        "hashed_secret": "7fcff7d09d135a7a9e8f9a1b4de7912f2d5b3b90",
        "is_verified": false,
        "line_number": 0,
        "type": "Hex High Entropy String"
      },
      {
        "filename": "tests/fixtures/schema_versions.snapshot.json",
        "hashed_secret": "8b7083f6f6a462b7732bf30cfdf74ee31c95efed",
        "is_verified": false,
        "line_number": 0,
        "type": "Hex High Entropy String"
      },
      {
        "filename": "tests/fixtures/schema_versions.snapshot.json",
        "hashed_secret": "c6f452b1a405d83696555a6b25c5d5970c43bb3d",
        "is_verified": false,
        "line_number": 0,
        "type": "Hex High Entropy String"
      },
      {
        "filename": "tests/fixtures/schema_versions.snapshot.json",
        "hashed_secret": "dfdfcd201548fe404b4868746f5ce5ccfa0e0ba9",
        "is_verified": false,
        "line_number": 0,
        "type": "Hex High Entropy String"
      },
      {
        "filename": "tests/fixtures/schema_versions.snapshot.json",
        "hashed_secret": "e69494d0483ee6b3ab5b4cbd411e5566b4f42c55",
        "is_verified": false,
        "line_number": 0,
        "type": "Hex High Entropy String"
      },
      {
        "filename": "tests/fixtures/schema_versions.snapshot.json",
        "hashed_secret": "f32e96461629f1e31ab0b7ee0e28a5781392312a",
        "is_verified": false,
        "line_number": 0,
        "type": "Hex High Entropy String"
      },
      {
        "filename": "tests/fixtures/schema_versions.snapshot.json",
        "hashed_secret": "fdb3804d1bf0347fe8eb82f74c0d82c7a0df0edf",
        "is_verified": false,
        "line_number": 0,
        "type": "Hex High Entropy String"
      }
    ],
    "tests/gate/test_recommend.py": [
      {
        "filename": "tests/gate/test_recommend.py",
        "hashed_secret": "c106f340ec6c5f66bc159a4d7975f7c26b92f0f1",
        "is_verified": false,
        "line_number": 0,
        "type": "Secret Keyword"
      }
    ],
    "tests/mcp_plugin/test_session_adapter_redaction.py": [
      {
        "filename": "tests/mcp_plugin/test_session_adapter_redaction.py",
        "hashed_secret": "c106f340ec6c5f66bc159a4d7975f7c26b92f0f1",
        "is_verified": false,
        "line_number": 0,
        "type": "Secret Keyword"
      }
    ],
    "tests/mcp_plugin/test_stdio_adapter.py": [
      {
        "filename": "tests/mcp_plugin/test_stdio_adapter.py",
        "hashed_secret": "a82d7ed6e24d3520b89d1214c832a516c1ad6293",
        "is_verified": false,
        "line_number": 0,
        "type": "Base64 High Entropy String"
      }
    ],
    "tests/scan/test_llm_policy.py": [
      {
        "filename": "tests/scan/test_llm_policy.py",
        "hashed_secret": "e9a5f12a8ecbb3eb46eca5096b5c52aa5e7c9fdd",
        "is_verified": false,
        "line_number": 0,
        "type": "Secret Keyword"
      },
      {
        "filename": "tests/scan/test_llm_policy.py",
        "hashed_secret": "9d4e1e23bd5b727046a9e3b4b7db57bd8d6ee684",
        "is_verified": false,
        "line_number": 0,
        "type": "Basic Auth Credentials"
      },
      {
        "filename": "tests/scan/test_llm_policy.py",
        "hashed_secret": "ec046dfcb0c948ef5df2bda3ead855a4d119ce7f",
        "is_verified": false,
        "line_number": 0,
        "type": "Basic Auth Credentials"
      }
    ],
    "tests/test_cli.py": [
      {
        "filename": "tests/test_cli.py",
        "hashed_secret": "10c0480c3f8c5f9e9aa2ee1e32694e519adf94e9",
        "is_verified": false,
        "line_number": 0,
        "type": "Base64 High Entropy String"
      },
      {
        "filename": "tests/test_cli.py",
        "hashed_secret": "a19bb7b22625ab894962144c17aa94fcaa12b043",
        "is_verified": false,
        "line_number": 0,
        "type": "Secret Keyword"
      },
      {
        "filename": "tests/test_cli.py",
        "hashed_secret": "79079335824c419de7c3d74a4c9df5adb958f796",
        "is_verified": false,
        "line_number": 0,
        "type": "Base64 High Entropy String"
      },
      {
        "filename": "tests/test_cli.py",
        "hashed_secret": "21a117de809490537fc0d2c423ae5d694487ffd0",
        "is_verified": false,
        "line_number": 0,
        "type": "Base64 High Entropy String"
      },
      {
        "filename": "tests/test_cli.py",
        "hashed_secret": "3a2b1f6647e0724b46144845b8d62fe38e37d576",
        "is_verified": false,
        "line_number": 0,
        "type": "Base64 High Entropy String"
      },
      {
        "filename": "tests/test_cli.py",
        "hashed_secret": "050c37f783ae5f8ece52de6407f6a5d38ce796d1",
        "is_verified": false,
        "line_number": 0,
        "type": "Base64 High Entropy String"
      },
      {
        "filename": "tests/test_cli.py",
        "hashed_secret": "7de55b8f17a66497063f666514c3d5a64b27aebb",
        "is_verified": false,
        "line_number": 0,
        "type": "Base64 High Entropy String"
      },
      {
        "filename": "tests/test_cli.py",
        "hashed_secret": "1111ebb1466b7ebe2a2a23f5bda947d130d7d9ff",
        "is_verified": false,
        "line_number": 0,
        "type": "Base64 High Entropy String"
      },
      {
        "filename": "tests/test_cli.py",
        "hashed_secret": "7c211cbec704b858670f4a26c6fbefcb413f566b",
        "is_verified": false,
        "line_number": 0,
        "type": "Base64 High Entropy String"
      },
      {
        "filename": "tests/test_cli.py",
        "hashed_secret": "49b7333c91f7d0bae3e0cdad28e97dd523519af7",
        "is_verified": false,
        "line_number": 0,
        "type": "Base64 High Entropy String"
      },
      {
        "filename": "tests/test_cli.py",
        "hashed_secret": "727c5a4c3c8039b4bf0e60e018d7cd5a780daf33",
        "is_verified": false,
        "line_number": 0,
        "type": "Base64 High Entropy String"
      },
      {
        "filename": "tests/test_cli.py",
        "hashed_secret": "5901726580d052d3ffc033e40a49e9aae598cf55",
        "is_verified": false,
        "line_number": 0,
        "type": "Secret Keyword"
      },
      {
        "filename": "tests/test_cli.py",
        "hashed_secret": "7d56b1aa70daa07603f1bcc90aed6167310d870a",
        "is_verified": false,
        "line_number": 0,
        "type": "Base64 High Entropy String"
      }
    ],
    "tests/test_config.py": [
      {
        "filename": "tests/test_config.py",
        "hashed_secret": "9d4e1e23bd5b727046a9e3b4b7db57bd8d6ee684",
        "is_verified": false,
        "line_number": 0,
        "type": "Basic Auth Credentials"
      }
    ],
    "tests/test_redaction.py": [
      {
        "filename": "tests/test_redaction.py",
        "hashed_secret": "a82d7ed6e24d3520b89d1214c832a516c1ad6293",
        "is_verified": false,
        "line_number": 0,
        "type": "Base64 High Entropy String"
      },
      {
        "filename": "tests/test_redaction.py",
        "hashed_secret": "70557d1ea749e6dda526dc4ab478f1a327f43df9",
        "is_verified": false,
        "line_number": 0,
        "type": "Base64 High Entropy String"
      },
      {
        "filename": "tests/test_redaction.py",
        "hashed_secret": "1d5bc0e7232d07b336f4d35db4c0200142962f4a",
        "is_verified": false,
        "line_number": 0,
        "type": "AWS Access Key"
      },
      {
        "filename": "tests/test_redaction.py",
        "hashed_secret": "ab51882da5cc356d55024a699ca11bc9fa862257",
        "is_verified": false,
        "line_number": 0,
        "type": "Base64 High Entropy String"
      },
      {
        "filename": "tests/test_redaction.py",
        "hashed_secret": "7b4a1dd92c33845e29877de8c1a962aa20aca413",
        "is_verified": false,
        "line_number": 0,
        "type": "Base64 High Entropy String"
      },
      {
        "filename": "tests/test_redaction.py",
        "hashed_secret": "9c5f5c2eb01819c60eac12a788ecefe0ac750006",
        "is_verified": false,
        "line_number": 0,
        "type": "Base64 High Entropy String"
      },
      {
        "filename": "tests/test_redaction.py",
        "hashed_secret": "b4bf8707458d2f369b50e59ee5d42357bfd4e54c",
        "is_verified": false,
        "line_number": 0,
        "type": "Secret Keyword"
      },
      {
        "filename": "tests/test_redaction.py",
        "hashed_secret": "34c30635c11eea496d5a37f53a432e04cab1532d",
        "is_verified": false,
        "line_number": 0,
        "type": "Base64 High Entropy String"
      },
      {
        "filename": "tests/test_redaction.py",
        "hashed_secret": "3ed9fbbd10ebd33819a3f1ca19555520a58cc16f",
        "is_verified": false,
        "line_number": 0,
        "type": "Basic Auth Credentials"
      },
      {
        "filename": "tests/test_redaction.py",
        "hashed_secret": "bfd3617727eab0e800e62a776c76381defbc4145",
        "is_verified": false,
        "line_number": 0,
        "type": "Secret Keyword"
      },
      {
        "filename": "tests/test_redaction.py",
        "hashed_secret": "fcc33fa076f8d5c19ec242dd22f7053e307cf7a2",
        "is_verified": false,
        "line_number": 0,
        "type": "Secret Keyword"
      },
      {
        "filename": "tests/test_redaction.py",
        "hashed_secret": "5901726580d052d3ffc033e40a49e9aae598cf55",
        "is_verified": false,
        "line_number": 0,
        "type": "Secret Keyword"
      }
    ],
    "tests/test_report_bundle.py": [
      {
        "filename": "tests/test_report_bundle.py",
        "hashed_secret": "5901726580d052d3ffc033e40a49e9aae598cf55",
        "is_verified": false,
        "line_number": 0,
        "type": "Secret Keyword"
      }
    ],
    "tests/test_report_sarif.py": [
      {
        "filename": "tests/test_report_sarif.py",
        "hashed_secret": "5901726580d052d3ffc033e40a49e9aae598cf55",
        "is_verified": false,
        "line_number": 0,
        "type": "Secret Keyword"
      }
    ],
    "verification/EXTERNAL_DIFFERENTIAL.md": [
      {
        "filename": "verification/EXTERNAL_DIFFERENTIAL.md",
        "hashed_secret": "ec3810e10fb78db55ce38b9c18d1c3eb1db739e0",
        "is_verified": false,
        "line_number": 0,
        "type": "Secret Keyword"
      }
    ],
    "verification/fetch.py": [
      {
        "filename": "verification/fetch.py",
        "hashed_secret": "7f98339de86431384690aecdf3c8069cbd9e9c82",
        "is_verified": false,
        "line_number": 0,
        "type": "Hex High Entropy String"
      },
      {
        "filename": "verification/fetch.py",
        "hashed_secret": "78c3a6eba24492ca1b95810ac8ff3e869c808aa4",
        "is_verified": false,
        "line_number": 0,
        "type": "Hex High Entropy String"
      },
      {
        "filename": "verification/fetch.py",
        "hashed_secret": "03fc1c121f555e53dc16f66c81d0736f6c7ded89",
        "is_verified": false,
        "line_number": 0,
        "type": "Hex High Entropy String"
      },
      {
        "filename": "verification/fetch.py",
        "hashed_secret": "e6f1144d60542dd10ab83bd137b1a1403dfd403f",
        "is_verified": false,
        "line_number": 0,
        "type": "Hex High Entropy String"
      },
      {
        "filename": "verification/fetch.py",
        "hashed_secret": "b51b1b0db27b67551dd4df716036789781a83003",
        "is_verified": false,
        "line_number": 0,
        "type": "Hex High Entropy String"
      },
      {
        "filename": "verification/fetch.py",
        "hashed_secret": "a8ed02dda18c0c6d95e88bc40dffa0fa63ecea28",
        "is_verified": false,
        "line_number": 0,
        "type": "Hex High Entropy String"
      },
      {
        "filename": "verification/fetch.py",
        "hashed_secret": "f00cd09b86077157fffd7cb6f72273adf4db747d",
        "is_verified": false,
        "line_number": 0,
        "type": "Hex High Entropy String"
      },
      {
        "filename": "verification/fetch.py",
        "hashed_secret": "ddabd26bd39529609ebe44116c4d074a419ac1ae",
        "is_verified": false,
        "line_number": 0,
        "type": "Hex High Entropy String"
      }
    ],
    "verification/layer2_datasets/fixtures/agentdojo_real_run_user_task_0_injection_task_3.json": [
      {
        "filename": "verification/layer2_datasets/fixtures/agentdojo_real_run_user_task_0_injection_task_3.json",
        "hashed_secret": "26f1ce3626bd2abb15b11ad2e89461e248e78454",
        "is_verified": false,
        "line_number": 0,
        "type": "Base64 High Entropy String"
      }
    ]
  },
  "version": "1.5.0"
}
