{
  "filters_used": [
    {
      "path": "detect_secrets.filters.allowlist.is_line_allowlisted"
    },
    {
      "filename": ".secrets.baseline",
      "path": "detect_secrets.filters.common.is_baseline_file"
    },
    {
      "min_level": 2,
      "path": "detect_secrets.filters.common.is_ignored_due_to_verification_policies"
    },
    {
      "path": "detect_secrets.filters.heuristic.is_indirect_reference"
    },
    {
      "path": "detect_secrets.filters.heuristic.is_likely_id_string"
    },
    {
      "path": "detect_secrets.filters.heuristic.is_lock_file"
    },
    {
      "path": "detect_secrets.filters.heuristic.is_not_alphanumeric_string"
    },
    {
      "path": "detect_secrets.filters.heuristic.is_potential_uuid"
    },
    {
      "path": "detect_secrets.filters.heuristic.is_prefixed_with_dollar_sign"
    },
    {
      "path": "detect_secrets.filters.heuristic.is_sequential_string"
    },
    {
      "path": "detect_secrets.filters.heuristic.is_swagger_file"
    },
    {
      "path": "detect_secrets.filters.heuristic.is_templated_secret"
    },
    {
      "path": "detect_secrets.filters.regex.should_exclude_file",
      "pattern": [
        "\\.wt/|\\.venv/|\\.secrets\\.baseline|\\.security/"
      ]
    }
  ],
  "plugins_used": [
    {
      "name": "ArtifactoryDetector"
    },
    {
      "name": "AWSKeyDetector"
    },
    {
      "name": "AzureStorageKeyDetector"
    },
    {
      "limit": 4.5,
      "name": "Base64HighEntropyString"
    },
    {
      "name": "BasicAuthDetector"
    },
    {
      "name": "CloudantDetector"
    },
    {
      "name": "DiscordBotTokenDetector"
    },
    {
      "name": "GitHubTokenDetector"
    },
    {
      "name": "GitLabTokenDetector"
    },
    {
      "limit": 3.0,
      "name": "HexHighEntropyString"
    },
    {
      "name": "IbmCloudIamDetector"
    },
    {
      "name": "IbmCosHmacDetector"
    },
    {
      "name": "IPPublicDetector"
    },
    {
      "name": "JwtTokenDetector"
    },
    {
      "keyword_exclude": "",
      "name": "KeywordDetector"
    },
    {
      "name": "MailchimpDetector"
    },
    {
      "name": "NpmDetector"
    },
    {
      "name": "OpenAIDetector"
    },
    {
      "name": "PrivateKeyDetector"
    },
    {
      "name": "PypiTokenDetector"
    },
    {
      "name": "SendGridDetector"
    },
    {
      "name": "SlackDetector"
    },
    {
      "name": "SoftlayerDetector"
    },
    {
      "name": "SquareOAuthDetector"
    },
    {
      "name": "StripeDetector"
    },
    {
      "name": "TelegramBotTokenDetector"
    },
    {
      "name": "TwilioKeyDetector"
    }
  ],
  "results": {
    "CHANGELOG.md": [
      {
        "filename": "CHANGELOG.md",
        "hashed_secret": "6367c48dd193d56ea7b0baad25b19455e529f5ee",
        "is_verified": false,
        "line_number": 0,
        "type": "Secret Keyword"
      },
      {
        "filename": "CHANGELOG.md",
        "hashed_secret": "9d4e1e23bd5b727046a9e3b4b7db57bd8d6ee684",
        "is_verified": false,
        "line_number": 0,
        "type": "Basic Auth Credentials"
      }
    ],
    "SECURITY.md": [
      {
        "filename": "SECURITY.md",
        "hashed_secret": "9d4e1e23bd5b727046a9e3b4b7db57bd8d6ee684",
        "is_verified": false,
        "line_number": 0,
        "type": "Basic Auth Credentials"
      }
    ],
    "docs/quarry.md": [
      {
        "filename": "docs/quarry.md",
        "hashed_secret": "c7a8c334eef5d1749fface7d42c66f9ae5e8cf36",
        "is_verified": false,
        "line_number": 0,
        "type": "Secret Keyword"
      }
    ],
    "docs/verification.md": [
      {
        "filename": "docs/verification.md",
        "hashed_secret": "c7a8c334eef5d1749fface7d42c66f9ae5e8cf36",
        "is_verified": false,
        "line_number": 0,
        "type": "Secret Keyword"
      }
    ],
    "examples/reference_validation/differential_fixtures/17b4b391dfdfb586feac4fb52785346ba6e3a9c1e531e4140e7ba6ad3c162ffc.json": [
      {
        "filename": "examples/reference_validation/differential_fixtures/17b4b391dfdfb586feac4fb52785346ba6e3a9c1e531e4140e7ba6ad3c162ffc.json",
        "hashed_secret": "1b112e7fce4279168c6099cf0bc0ce642965d3ad",
        "is_secret": false,
        "is_verified": false,
        "line_number": 0,
        "type": "Base64 High Entropy String"
      }
    ],
    "examples/reference_validation/differential_fixtures/1caae52ccd94172ad28de277fe1d9361cc05ce415b3a28fc9ef411921b4a48be.json": [
      {
        "filename": "examples/reference_validation/differential_fixtures/1caae52ccd94172ad28de277fe1d9361cc05ce415b3a28fc9ef411921b4a48be.json",
        "hashed_secret": "b5fb63927a2f3cf77d71a4c1e9906d3c691122da",
        "is_secret": false,
        "is_verified": false,
        "line_number": 0,
        "type": "Base64 High Entropy String"
      }
    ],
    "examples/reference_validation/differential_fixtures/204cb84d5261f18a933785b94c49de92d13b319590a3069fe84f0db2dd0b7b1b.json": [
      {
        "filename": "examples/reference_validation/differential_fixtures/204cb84d5261f18a933785b94c49de92d13b319590a3069fe84f0db2dd0b7b1b.json",
        "hashed_secret": "c5596e50870b0ce442659a4c5209ae05b26e042b",
        "is_secret": false,
        "is_verified": false,
        "line_number": 0,
        "type": "Base64 High Entropy String"
      }
    ],
    "examples/reference_validation/differential_fixtures/245d2299a5d4ccf25feb8414df16a989bcc488af841a955e0749254f66369387.json": [
      {
        "filename": "examples/reference_validation/differential_fixtures/245d2299a5d4ccf25feb8414df16a989bcc488af841a955e0749254f66369387.json",
        "hashed_secret": "94fb704612f319b997f3c8fb552f2bea35524810",
        "is_secret": false,
        "is_verified": false,
        "line_number": 0,
        "type": "Base64 High Entropy String"
      }
    ],
    "examples/reference_validation/differential_fixtures/32b40e80c98fa866260329600fceb254ae085da5f61a4e716671cb8650a6bec0.json": [
      {
        "filename": "examples/reference_validation/differential_fixtures/32b40e80c98fa866260329600fceb254ae085da5f61a4e716671cb8650a6bec0.json",
        "hashed_secret": "eaa187aed4a0390706154f3eb27584cdeff2ca6f",
        "is_secret": false,
        "is_verified": false,
        "line_number": 0,
        "type": "Base64 High Entropy String"
      }
    ],
    "examples/reference_validation/differential_fixtures/45e42666610e5bd7e3197b07c9f76682e51ccda871ed5b98ddb6d7108bfd184b.json": [
      {
        "filename": "examples/reference_validation/differential_fixtures/45e42666610e5bd7e3197b07c9f76682e51ccda871ed5b98ddb6d7108bfd184b.json",
        "hashed_secret": "23c93631d244a6ec7f12f6a6482ec51d2b1cbbef",
        "is_secret": false,
        "is_verified": false,
        "line_number": 0,
        "type": "Base64 High Entropy String"
      }
    ],
    "examples/reference_validation/differential_fixtures/5509c6e2204c304528e176bb2f11bb761619d7b59aab32adf6c9593e9d957f32.json": [
      {
        "filename": "examples/reference_validation/differential_fixtures/5509c6e2204c304528e176bb2f11bb761619d7b59aab32adf6c9593e9d957f32.json",
        "hashed_secret": "b6d8182877a4afbd34cbb53e2fa999fa3f4172af",
        "is_secret": false,
        "is_verified": false,
        "line_number": 0,
        "type": "Base64 High Entropy String"
      }
    ],
    "examples/reference_validation/differential_fixtures/552cc2b9b8f70d0d3079f8db95e1b3c613d3a15bf81123396f728d482db1a410.json": [
      {
        "filename": "examples/reference_validation/differential_fixtures/552cc2b9b8f70d0d3079f8db95e1b3c613d3a15bf81123396f728d482db1a410.json",
        "hashed_secret": "4b1ffd79235579f0f33d47082b0ef86880848fb5",
        "is_secret": false,
        "is_verified": false,
        "line_number": 0,
        "type": "Base64 High Entropy String"
      }
    ],
    "examples/reference_validation/differential_fixtures/5d2e377d721714e19ecfc3bb8d75166b06cf9c4317171855e5f5ac242cc2fc23.json": [
      {
        "filename": "examples/reference_validation/differential_fixtures/5d2e377d721714e19ecfc3bb8d75166b06cf9c4317171855e5f5ac242cc2fc23.json",
        "hashed_secret": "7d7379840c2eca7aa364a63fdb13b999810d3269",
        "is_secret": false,
        "is_verified": false,
        "line_number": 0,
        "type": "Base64 High Entropy String"
      }
    ],
    "examples/reference_validation/differential_fixtures/78f32e57fd3630ecbdc891cafb5888fd1f5c9f7739fcb911d0339890ae0674a7.json": [
      {
        "filename": "examples/reference_validation/differential_fixtures/78f32e57fd3630ecbdc891cafb5888fd1f5c9f7739fcb911d0339890ae0674a7.json",
        "hashed_secret": "2ad8dd494d29f460de413a5e84e9f9303aa05f67",
        "is_secret": false,
        "is_verified": false,
        "line_number": 0,
        "type": "Base64 High Entropy String"
      }
    ],
    "examples/reference_validation/differential_fixtures/7fd1942ffcd6c8c0fa6066d511e307a44ddad78cd64a7ed2d7cd303a004c2c76.json": [
      {
        "filename": "examples/reference_validation/differential_fixtures/7fd1942ffcd6c8c0fa6066d511e307a44ddad78cd64a7ed2d7cd303a004c2c76.json",
        "hashed_secret": "f4f9d5affd6066eaf18aab02bd80d39a612b9b38",
        "is_secret": false,
        "is_verified": false,
        "line_number": 0,
        "type": "Base64 High Entropy String"
      }
    ],
    "examples/reference_validation/differential_fixtures/82cb053b1c83d3581798d63e0c2e3b7bfd4e09c4ee86c79f82b1d723b5a2215e.json": [
      {
        "filename": "examples/reference_validation/differential_fixtures/82cb053b1c83d3581798d63e0c2e3b7bfd4e09c4ee86c79f82b1d723b5a2215e.json",
        "hashed_secret": "32238add2119ac1ab093b0d66aa791a8a97e6d3f",
        "is_secret": false,
        "is_verified": false,
        "line_number": 0,
        "type": "Base64 High Entropy String"
      }
    ],
    "examples/reference_validation/differential_fixtures/8a7dc3384cf14b49657b45a84271bc681356f54044562f11e1083ecc24661600.json": [
      {
        "filename": "examples/reference_validation/differential_fixtures/8a7dc3384cf14b49657b45a84271bc681356f54044562f11e1083ecc24661600.json",
        "hashed_secret": "4b3efd05e77008582fb1e351ad62c64a4a594be9",
        "is_secret": false,
        "is_verified": false,
        "line_number": 0,
        "type": "Base64 High Entropy String"
      }
    ],
    "examples/reference_validation/differential_fixtures/9d9c0c8c9abb5e55eeaf8900f3938b03c2a117e1a3854be4950e192c7b9c427d.json": [
      {
        "filename": "examples/reference_validation/differential_fixtures/9d9c0c8c9abb5e55eeaf8900f3938b03c2a117e1a3854be4950e192c7b9c427d.json",
        "hashed_secret": "0f66a95e040be174d56f19a0af76b9a7cf9895a9",
        "is_secret": false,
        "is_verified": false,
        "line_number": 0,
        "type": "Base64 High Entropy String"
      }
    ],
    "examples/reference_validation/differential_fixtures/a1b7ba9b03a09e6179851ba1b712d8bf86e1ae0b25f4ba3d871a8ed99d4598ba.json": [
      {
        "filename": "examples/reference_validation/differential_fixtures/a1b7ba9b03a09e6179851ba1b712d8bf86e1ae0b25f4ba3d871a8ed99d4598ba.json",
        "hashed_secret": "81d660379511c9e6da501aa92d0a86d708d7c625",
        "is_secret": false,
        "is_verified": false,
        "line_number": 0,
        "type": "Base64 High Entropy String"
      }
    ],
    "examples/reference_validation/differential_fixtures/a8e999ec3a5af8febf5065b43d7f1402f9afbda700b89c4596cd4efb1212ac58.json": [
      {
        "filename": "examples/reference_validation/differential_fixtures/a8e999ec3a5af8febf5065b43d7f1402f9afbda700b89c4596cd4efb1212ac58.json",
        "hashed_secret": "f695d4f0e9ac4b6ebf30fe09d0611abe838d7c20",
        "is_secret": false,
        "is_verified": false,
        "line_number": 0,
        "type": "Base64 High Entropy String"
      }
    ],
    "examples/reference_validation/differential_fixtures/ab9009d50b04c4a3560f94da5d928526f5e78751d3bf3e9e0d712ea9cee1c6a8.json": [
      {
        "filename": "examples/reference_validation/differential_fixtures/ab9009d50b04c4a3560f94da5d928526f5e78751d3bf3e9e0d712ea9cee1c6a8.json",
        "hashed_secret": "76cf9d5919f2287cc1090594b2083b3ad93b7a84",
        "is_secret": false,
        "is_verified": false,
        "line_number": 0,
        "type": "Base64 High Entropy String"
      }
    ],
    "examples/reference_validation/differential_fixtures/b4528265426d730b14eaf8883b881c874c0856e6b48883444d0c9f6fa23a4def.json": [
      {
        "filename": "examples/reference_validation/differential_fixtures/b4528265426d730b14eaf8883b881c874c0856e6b48883444d0c9f6fa23a4def.json",
        "hashed_secret": "a767f836c9c5cf0fb64abada621720d1afe7e9dd",
        "is_secret": false,
        "is_verified": false,
        "line_number": 0,
        "type": "Base64 High Entropy String"
      }
    ],
    "examples/reference_validation/differential_fixtures/b91c9853b73dac6b26988f051fd25925d45a161cda6beb9c4614c8956f1f6456.json": [
      {
        "filename": "examples/reference_validation/differential_fixtures/b91c9853b73dac6b26988f051fd25925d45a161cda6beb9c4614c8956f1f6456.json",
        "hashed_secret": "50fb61cf9bca2f8f82c1f28d006a026461ff18aa",
        "is_secret": false,
        "is_verified": false,
        "line_number": 0,
        "type": "Base64 High Entropy String"
      }
    ],
    "examples/reference_validation/differential_fixtures/df5a517ed055acc121cb7adc0071cbc8addb19ef264adb4b9d83d94ebcb58736.json": [
      {
        "filename": "examples/reference_validation/differential_fixtures/df5a517ed055acc121cb7adc0071cbc8addb19ef264adb4b9d83d94ebcb58736.json",
        "hashed_secret": "c88166c787a4c88aeb5dcc305ca29f5a29626214",
        "is_secret": false,
        "is_verified": false,
        "line_number": 0,
        "type": "Base64 High Entropy String"
      }
    ],
    "examples/reference_validation/differential_fixtures/e953b202964524ddf23487d74d9cc94f45350e66b23f1197ff1264f66fd682c9.json": [
      {
        "filename": "examples/reference_validation/differential_fixtures/e953b202964524ddf23487d74d9cc94f45350e66b23f1197ff1264f66fd682c9.json",
        "hashed_secret": "f1374e94b01498e66e2aa000281e33a9bf2b842a",
        "is_secret": false,
        "is_verified": false,
        "line_number": 0,
        "type": "Base64 High Entropy String"
      }
    ],
    "examples/reference_validation/differential_fixtures/f7f34c1d5627e0c37d9401de49664cbc13faff29ed520a64526a430fd6764681.json": [
      {
        "filename": "examples/reference_validation/differential_fixtures/f7f34c1d5627e0c37d9401de49664cbc13faff29ed520a64526a430fd6764681.json",
        "hashed_secret": "6f2df6073213d327011206dded4ac2189701213c",
        "is_secret": false,
        "is_verified": false,
        "line_number": 0,
        "type": "Base64 High Entropy String"
      }
    ],
    "examples/reference_validation/fixtures/9d9c0c8c9abb5e55eeaf8900f3938b03c2a117e1a3854be4950e192c7b9c427d.json": [
      {
        "filename": "examples/reference_validation/fixtures/9d9c0c8c9abb5e55eeaf8900f3938b03c2a117e1a3854be4950e192c7b9c427d.json",
        "hashed_secret": "73ca1f05b4d1b021490a39b16c678922def920b1",
        "is_secret": false,
        "is_verified": false,
        "line_number": 0,
        "type": "Base64 High Entropy String"
      }
    ],
    "src/mylonite/_redaction.py": [
      {
        "filename": "src/mylonite/_redaction.py",
        "hashed_secret": "e5e9fa1ba31ecd1ae84f75caaa474f3a663f05f4",
        "is_verified": false,
        "line_number": 0,
        "type": "Basic Auth Credentials"
      }
    ],
    "src/mylonite/demo/fixtures/guarded/1caae52ccd94172ad28de277fe1d9361cc05ce415b3a28fc9ef411921b4a48be.json": [
      {
        "filename": "src/mylonite/demo/fixtures/guarded/1caae52ccd94172ad28de277fe1d9361cc05ce415b3a28fc9ef411921b4a48be.json",
        "hashed_secret": "f2d594f713c791db494bd5d68f9b2d74146d3429",
        "is_secret": false,
        "is_verified": false,
        "line_number": 0,
        "type": "Base64 High Entropy String"
      }
    ],
    "src/mylonite/demo/fixtures/guarded/47959778ad0072b05a8696649bb67341d30c45c7c60c40fd6ac08820e22cacdf.json": [
      {
        "filename": "src/mylonite/demo/fixtures/guarded/47959778ad0072b05a8696649bb67341d30c45c7c60c40fd6ac08820e22cacdf.json",
        "hashed_secret": "7bca8a7baab0294dbbc563f1753a294845b40561",
        "is_secret": false,
        "is_verified": false,
        "line_number": 0,
        "type": "Base64 High Entropy String"
      }
    ],
    "src/mylonite/demo/fixtures/guarded/59a3daace7f9456684007f541ca31e072e72639361664791ef473bef8b40007e.json": [
      {
        "filename": "src/mylonite/demo/fixtures/guarded/59a3daace7f9456684007f541ca31e072e72639361664791ef473bef8b40007e.json",
        "hashed_secret": "183ccaca13368499efefe8888f28c94b1cf41326",
        "is_secret": false,
        "is_verified": false,
        "line_number": 0,
        "type": "Base64 High Entropy String"
      }
    ],
    "src/mylonite/demo/fixtures/guarded/91855a40796d6b118c843e4d19bf2a224811782541fd3c4388c2e26e216d2fff.json": [
      {
        "filename": "src/mylonite/demo/fixtures/guarded/91855a40796d6b118c843e4d19bf2a224811782541fd3c4388c2e26e216d2fff.json",
        "hashed_secret": "fca0d1f02c34c9ec0ec95acd9cfe8dd9abf3ac76",
        "is_secret": false,
        "is_verified": false,
        "line_number": 0,
        "type": "Base64 High Entropy String"
      }
    ],
    "src/mylonite/demo/fixtures/guarded/aa7dba3cc631065403b8478ca4df87a1e0d3c13041837a4f67912183c215ee89.json": [
      {
        "filename": "src/mylonite/demo/fixtures/guarded/aa7dba3cc631065403b8478ca4df87a1e0d3c13041837a4f67912183c215ee89.json",
        "hashed_secret": "e3c50d49351ce6643a3329ab35f179238b3fa4b7",
        "is_secret": false,
        "is_verified": false,
        "line_number": 0,
        "type": "Base64 High Entropy String"
      }
    ],
    "src/mylonite/demo/fixtures/guarded/b5ca0f101530b1f0000461647f6914308fff755be0beae5fac8c6edc4777aac2.json": [
      {
        "filename": "src/mylonite/demo/fixtures/guarded/b5ca0f101530b1f0000461647f6914308fff755be0beae5fac8c6edc4777aac2.json",
        "hashed_secret": "6d8f6cd02aa546f7f49dcf4058bcf851c3807b50",
        "is_secret": false,
        "is_verified": false,
        "line_number": 0,
        "type": "Base64 High Entropy String"
      }
    ],
    "src/mylonite/demo/fixtures/guarded/c45fd61bbc38acb0203d3a2c90ddd9ab304cec74ad550f821bf98dd8e0bc047f.json": [
      {
        "filename": "src/mylonite/demo/fixtures/guarded/c45fd61bbc38acb0203d3a2c90ddd9ab304cec74ad550f821bf98dd8e0bc047f.json",
        "hashed_secret": "d5be73f2b4b79798e972d580afa0cc7bbd1715d2",
        "is_secret": false,
        "is_verified": false,
        "line_number": 0,
        "type": "Base64 High Entropy String"
      }
    ],
    "src/mylonite/demo/fixtures/guarded/df5a517ed055acc121cb7adc0071cbc8addb19ef264adb4b9d83d94ebcb58736.json": [
      {
        "filename": "src/mylonite/demo/fixtures/guarded/df5a517ed055acc121cb7adc0071cbc8addb19ef264adb4b9d83d94ebcb58736.json",
        "hashed_secret": "bdc7c3bfaeb3c5cab782ac7950702f69fd0d0551",
        "is_secret": false,
        "is_verified": false,
        "line_number": 0,
        "type": "Base64 High Entropy String"
      }
    ],
    "src/mylonite/demo/fixtures/guarded/f7f34c1d5627e0c37d9401de49664cbc13faff29ed520a64526a430fd6764681.json": [
      {
        "filename": "src/mylonite/demo/fixtures/guarded/f7f34c1d5627e0c37d9401de49664cbc13faff29ed520a64526a430fd6764681.json",
        "hashed_secret": "b47f1b16c8b87d3b55111395f3273a0790062f23",
        "is_secret": false,
        "is_verified": false,
        "line_number": 0,
        "type": "Base64 High Entropy String"
      }
    ],
    "src/mylonite/demo/fixtures/guarded/fa25d6a5323599d28d20bc4ecacf9344c826ff0fca1d56381b5e196500e9ce25.json": [
      {
        "filename": "src/mylonite/demo/fixtures/guarded/fa25d6a5323599d28d20bc4ecacf9344c826ff0fca1d56381b5e196500e9ce25.json",
        "hashed_secret": "4a7faa7af6bc2e8ca2d1b3e7877afa01e9b1436c",
        "is_secret": false,
        "is_verified": false,
        "line_number": 0,
        "type": "Base64 High Entropy String"
      }
    ],
    "src/mylonite/demo/fixtures/vulnerable/0ba1955cecb88d62b3fc65a40728904406fb155feeb688391c287bfe512dc4ee.json": [
      {
        "filename": "src/mylonite/demo/fixtures/vulnerable/0ba1955cecb88d62b3fc65a40728904406fb155feeb688391c287bfe512dc4ee.json",
        "hashed_secret": "4affd67967dce8bb4f91352d251e139a260e1d5c",
        "is_secret": false,
        "is_verified": false,
        "line_number": 0,
        "type": "Base64 High Entropy String"
      }
    ],
    "src/mylonite/demo/fixtures/vulnerable/42d73434d6fb20524a188ab58b8ffab55fb35b4e4e82032968f956412180f07b.json": [
      {
        "filename": "src/mylonite/demo/fixtures/vulnerable/42d73434d6fb20524a188ab58b8ffab55fb35b4e4e82032968f956412180f07b.json",
        "hashed_secret": "ab7f6d6c798744499ec45d9da2f4286ae88e9a75",
        "is_secret": false,
        "is_verified": false,
        "line_number": 0,
        "type": "Base64 High Entropy String"
      }
    ],
    "src/mylonite/demo/fixtures/vulnerable/626c5dbd925a653b2afb2f5768c4cc1f5cf6831cf9239bbfd530092151e58931.json": [
      {
        "filename": "src/mylonite/demo/fixtures/vulnerable/626c5dbd925a653b2afb2f5768c4cc1f5cf6831cf9239bbfd530092151e58931.json",
        "hashed_secret": "c74e9fcf9dbc5e84f2f8daeddefa47e1d370371b",
        "is_secret": false,
        "is_verified": false,
        "line_number": 0,
        "type": "Base64 High Entropy String"
      }
    ],
    "src/mylonite/demo/fixtures/vulnerable/814b04d572aba9b5657ab6207b198860733ec9fdfb88a664917c7ed3c4686dfe.json": [
      {
        "filename": "src/mylonite/demo/fixtures/vulnerable/814b04d572aba9b5657ab6207b198860733ec9fdfb88a664917c7ed3c4686dfe.json",
        "hashed_secret": "34c40081860ddaeae6dc8b7ce56d39163ae99407",
        "is_secret": false,
        "is_verified": false,
        "line_number": 0,
        "type": "Base64 High Entropy String"
      }
    ],
    "src/mylonite/demo/fixtures/vulnerable/a8e999ec3a5af8febf5065b43d7f1402f9afbda700b89c4596cd4efb1212ac58.json": [
      {
        "filename": "src/mylonite/demo/fixtures/vulnerable/a8e999ec3a5af8febf5065b43d7f1402f9afbda700b89c4596cd4efb1212ac58.json",
        "hashed_secret": "08c730754149642a3fc4511bb4a983dc62bec8eb",
        "is_secret": false,
        "is_verified": false,
        "line_number": 0,
        "type": "Base64 High Entropy String"
      }
    ],
    "src/mylonite/demo/fixtures/vulnerable/e858b0c56784c159445ad56ac13dd150d4a1893e62a5167b222ca90bb5d4006c.json": [
      {
        "filename": "src/mylonite/demo/fixtures/vulnerable/e858b0c56784c159445ad56ac13dd150d4a1893e62a5167b222ca90bb5d4006c.json",
        "hashed_secret": "4a76e42eb68de538a14cff4365a39cb02f085f62",
        "is_secret": false,
        "is_verified": false,
        "line_number": 0,
        "type": "Base64 High Entropy String"
      }
    ],
    "src/mylonite/demo/fixtures/vulnerable/f97af4569e614a568fa52a294e951f9e59ac6e6ad879b13859648cf2e778c603.json": [
      {
        "filename": "src/mylonite/demo/fixtures/vulnerable/f97af4569e614a568fa52a294e951f9e59ac6e6ad879b13859648cf2e778c603.json",
        "hashed_secret": "bca6135ecd83c125e0b3085e66170e2d9bf976bd",
        "is_secret": false,
        "is_verified": false,
        "line_number": 0,
        "type": "Base64 High Entropy String"
      }
    ],
    "src/mylonite/scan/llm_policy.py": [
      {
        "filename": "src/mylonite/scan/llm_policy.py",
        "hashed_secret": "9d4e1e23bd5b727046a9e3b4b7db57bd8d6ee684",
        "is_verified": false,
        "line_number": 0,
        "type": "Basic Auth Credentials"
      }
    ],
    "tests/gate/test_recommend.py": [
      {
        "filename": "tests/gate/test_recommend.py",
        "hashed_secret": "c106f340ec6c5f66bc159a4d7975f7c26b92f0f1",
        "is_verified": false,
        "line_number": 0,
        "type": "Secret Keyword"
      }
    ],
    "tests/mcp_plugin/test_session_adapter_redaction.py": [
      {
        "filename": "tests/mcp_plugin/test_session_adapter_redaction.py",
        "hashed_secret": "c106f340ec6c5f66bc159a4d7975f7c26b92f0f1",
        "is_verified": false,
        "line_number": 0,
        "type": "Secret Keyword"
      }
    ],
    "tests/mcp_plugin/test_stdio_adapter.py": [
      {
        "filename": "tests/mcp_plugin/test_stdio_adapter.py",
        "hashed_secret": "a82d7ed6e24d3520b89d1214c832a516c1ad6293",
        "is_verified": false,
        "line_number": 0,
        "type": "Base64 High Entropy String"
      }
    ],
    "tests/scan/test_llm_policy.py": [
      {
        "filename": "tests/scan/test_llm_policy.py",
        "hashed_secret": "e9a5f12a8ecbb3eb46eca5096b5c52aa5e7c9fdd",
        "is_verified": false,
        "line_number": 0,
        "type": "Secret Keyword"
      },
      {
        "filename": "tests/scan/test_llm_policy.py",
        "hashed_secret": "9d4e1e23bd5b727046a9e3b4b7db57bd8d6ee684",
        "is_verified": false,
        "line_number": 0,
        "type": "Basic Auth Credentials"
      },
      {
        "filename": "tests/scan/test_llm_policy.py",
        "hashed_secret": "ec046dfcb0c948ef5df2bda3ead855a4d119ce7f",
        "is_verified": false,
        "line_number": 0,
        "type": "Basic Auth Credentials"
      }
    ],
    "tests/test_cli.py": [
      {
        "filename": "tests/test_cli.py",
        "hashed_secret": "10c0480c3f8c5f9e9aa2ee1e32694e519adf94e9",
        "is_verified": false,
        "line_number": 0,
        "type": "Base64 High Entropy String"
      },
      {
        "filename": "tests/test_cli.py",
        "hashed_secret": "a19bb7b22625ab894962144c17aa94fcaa12b043",
        "is_verified": false,
        "line_number": 0,
        "type": "Secret Keyword"
      },
      {
        "filename": "tests/test_cli.py",
        "hashed_secret": "79079335824c419de7c3d74a4c9df5adb958f796",
        "is_verified": false,
        "line_number": 0,
        "type": "Base64 High Entropy String"
      },
      {
        "filename": "tests/test_cli.py",
        "hashed_secret": "21a117de809490537fc0d2c423ae5d694487ffd0",
        "is_verified": false,
        "line_number": 0,
        "type": "Base64 High Entropy String"
      },
      {
        "filename": "tests/test_cli.py",
        "hashed_secret": "3a2b1f6647e0724b46144845b8d62fe38e37d576",
        "is_verified": false,
        "line_number": 0,
        "type": "Base64 High Entropy String"
      },
      {
        "filename": "tests/test_cli.py",
        "hashed_secret": "050c37f783ae5f8ece52de6407f6a5d38ce796d1",
        "is_verified": false,
        "line_number": 0,
        "type": "Base64 High Entropy String"
      },
      {
        "filename": "tests/test_cli.py",
        "hashed_secret": "7de55b8f17a66497063f666514c3d5a64b27aebb",
        "is_verified": false,
        "line_number": 0,
        "type": "Base64 High Entropy String"
      },
      {
        "filename": "tests/test_cli.py",
        "hashed_secret": "1111ebb1466b7ebe2a2a23f5bda947d130d7d9ff",
        "is_verified": false,
        "line_number": 0,
        "type": "Base64 High Entropy String"
      },
      {
        "filename": "tests/test_cli.py",
        "hashed_secret": "7c211cbec704b858670f4a26c6fbefcb413f566b",
        "is_verified": false,
        "line_number": 0,
        "type": "Base64 High Entropy String"
      },
      {
        "filename": "tests/test_cli.py",
        "hashed_secret": "49b7333c91f7d0bae3e0cdad28e97dd523519af7",
        "is_verified": false,
        "line_number": 0,
        "type": "Base64 High Entropy String"
      },
      {
        "filename": "tests/test_cli.py",
        "hashed_secret": "727c5a4c3c8039b4bf0e60e018d7cd5a780daf33",
        "is_verified": false,
        "line_number": 0,
        "type": "Base64 High Entropy String"
      },
      {
        "filename": "tests/test_cli.py",
        "hashed_secret": "5901726580d052d3ffc033e40a49e9aae598cf55",
        "is_verified": false,
        "line_number": 0,
        "type": "Secret Keyword"
      },
      {
        "filename": "tests/test_cli.py",
        "hashed_secret": "7d56b1aa70daa07603f1bcc90aed6167310d870a",
        "is_verified": false,
        "line_number": 0,
        "type": "Base64 High Entropy String"
      }
    ],
    "tests/test_config.py": [
      {
        "filename": "tests/test_config.py",
        "hashed_secret": "9d4e1e23bd5b727046a9e3b4b7db57bd8d6ee684",
        "is_verified": false,
        "line_number": 0,
        "type": "Basic Auth Credentials"
      }
    ],
    "tests/test_redaction.py": [
      {
        "filename": "tests/test_redaction.py",
        "hashed_secret": "a82d7ed6e24d3520b89d1214c832a516c1ad6293",
        "is_verified": false,
        "line_number": 0,
        "type": "Base64 High Entropy String"
      },
      {
        "filename": "tests/test_redaction.py",
        "hashed_secret": "70557d1ea749e6dda526dc4ab478f1a327f43df9",
        "is_verified": false,
        "line_number": 0,
        "type": "Base64 High Entropy String"
      },
      {
        "filename": "tests/test_redaction.py",
        "hashed_secret": "1d5bc0e7232d07b336f4d35db4c0200142962f4a",
        "is_verified": false,
        "line_number": 0,
        "type": "AWS Access Key"
      },
      {
        "filename": "tests/test_redaction.py",
        "hashed_secret": "ab51882da5cc356d55024a699ca11bc9fa862257",
        "is_verified": false,
        "line_number": 0,
        "type": "Base64 High Entropy String"
      },
      {
        "filename": "tests/test_redaction.py",
        "hashed_secret": "7b4a1dd92c33845e29877de8c1a962aa20aca413",
        "is_verified": false,
        "line_number": 0,
        "type": "Base64 High Entropy String"
      },
      {
        "filename": "tests/test_redaction.py",
        "hashed_secret": "9c5f5c2eb01819c60eac12a788ecefe0ac750006",
        "is_verified": false,
        "line_number": 0,
        "type": "Base64 High Entropy String"
      },
      {
        "filename": "tests/test_redaction.py",
        "hashed_secret": "b4bf8707458d2f369b50e59ee5d42357bfd4e54c",
        "is_verified": false,
        "line_number": 0,
        "type": "Secret Keyword"
      },
      {
        "filename": "tests/test_redaction.py",
        "hashed_secret": "34c30635c11eea496d5a37f53a432e04cab1532d",
        "is_verified": false,
        "line_number": 0,
        "type": "Base64 High Entropy String"
      },
      {
        "filename": "tests/test_redaction.py",
        "hashed_secret": "3ed9fbbd10ebd33819a3f1ca19555520a58cc16f",
        "is_verified": false,
        "line_number": 0,
        "type": "Basic Auth Credentials"
      },
      {
        "filename": "tests/test_redaction.py",
        "hashed_secret": "bfd3617727eab0e800e62a776c76381defbc4145",
        "is_verified": false,
        "line_number": 0,
        "type": "Secret Keyword"
      },
      {
        "filename": "tests/test_redaction.py",
        "hashed_secret": "fcc33fa076f8d5c19ec242dd22f7053e307cf7a2",
        "is_verified": false,
        "line_number": 0,
        "type": "Secret Keyword"
      },
      {
        "filename": "tests/test_redaction.py",
        "hashed_secret": "5901726580d052d3ffc033e40a49e9aae598cf55",
        "is_verified": false,
        "line_number": 0,
        "type": "Secret Keyword"
      }
    ],
    "tests/test_report_bundle.py": [
      {
        "filename": "tests/test_report_bundle.py",
        "hashed_secret": "5901726580d052d3ffc033e40a49e9aae598cf55",
        "is_verified": false,
        "line_number": 0,
        "type": "Secret Keyword"
      }
    ],
    "tests/test_report_sarif.py": [
      {
        "filename": "tests/test_report_sarif.py",
        "hashed_secret": "5901726580d052d3ffc033e40a49e9aae598cf55",
        "is_verified": false,
        "line_number": 0,
        "type": "Secret Keyword"
      }
    ],
    "verification/EXTERNAL_DIFFERENTIAL.md": [
      {
        "filename": "verification/EXTERNAL_DIFFERENTIAL.md",
        "hashed_secret": "ec3810e10fb78db55ce38b9c18d1c3eb1db739e0",
        "is_verified": false,
        "line_number": 0,
        "type": "Secret Keyword"
      }
    ],
    "verification/fetch.py": [
      {
        "filename": "verification/fetch.py",
        "hashed_secret": "7f98339de86431384690aecdf3c8069cbd9e9c82",
        "is_verified": false,
        "line_number": 0,
        "type": "Hex High Entropy String"
      },
      {
        "filename": "verification/fetch.py",
        "hashed_secret": "78c3a6eba24492ca1b95810ac8ff3e869c808aa4",
        "is_verified": false,
        "line_number": 0,
        "type": "Hex High Entropy String"
      },
      {
        "filename": "verification/fetch.py",
        "hashed_secret": "03fc1c121f555e53dc16f66c81d0736f6c7ded89",
        "is_verified": false,
        "line_number": 0,
        "type": "Hex High Entropy String"
      },
      {
        "filename": "verification/fetch.py",
        "hashed_secret": "e6f1144d60542dd10ab83bd137b1a1403dfd403f",
        "is_verified": false,
        "line_number": 0,
        "type": "Hex High Entropy String"
      },
      {
        "filename": "verification/fetch.py",
        "hashed_secret": "b51b1b0db27b67551dd4df716036789781a83003",
        "is_verified": false,
        "line_number": 0,
        "type": "Hex High Entropy String"
      },
      {
        "filename": "verification/fetch.py",
        "hashed_secret": "a8ed02dda18c0c6d95e88bc40dffa0fa63ecea28",
        "is_verified": false,
        "line_number": 0,
        "type": "Hex High Entropy String"
      },
      {
        "filename": "verification/fetch.py",
        "hashed_secret": "f00cd09b86077157fffd7cb6f72273adf4db747d",
        "is_verified": false,
        "line_number": 0,
        "type": "Hex High Entropy String"
      },
      {
        "filename": "verification/fetch.py",
        "hashed_secret": "ddabd26bd39529609ebe44116c4d074a419ac1ae",
        "is_verified": false,
        "line_number": 0,
        "type": "Hex High Entropy String"
      }
    ]
  },
  "version": "1.5.0"
}
