{
  "version": "1.5.0",
  "plugins_used": [
    {
      "name": "ArtifactoryDetector"
    },
    {
      "name": "AWSKeyDetector"
    },
    {
      "name": "AzureStorageKeyDetector"
    },
    {
      "name": "Base64HighEntropyString",
      "limit": 4.5
    },
    {
      "name": "BasicAuthDetector"
    },
    {
      "name": "CloudantDetector"
    },
    {
      "name": "DiscordBotTokenDetector"
    },
    {
      "name": "GitHubTokenDetector"
    },
    {
      "name": "GitLabTokenDetector"
    },
    {
      "name": "HexHighEntropyString",
      "limit": 3.0
    },
    {
      "name": "IbmCloudIamDetector"
    },
    {
      "name": "IbmCosHmacDetector"
    },
    {
      "name": "IPPublicDetector"
    },
    {
      "name": "JwtTokenDetector"
    },
    {
      "name": "KeywordDetector",
      "keyword_exclude": ""
    },
    {
      "name": "MailchimpDetector"
    },
    {
      "name": "NpmDetector"
    },
    {
      "name": "OpenAIDetector"
    },
    {
      "name": "PrivateKeyDetector"
    },
    {
      "name": "PypiTokenDetector"
    },
    {
      "name": "SendGridDetector"
    },
    {
      "name": "SlackDetector"
    },
    {
      "name": "SoftlayerDetector"
    },
    {
      "name": "SquareOAuthDetector"
    },
    {
      "name": "StripeDetector"
    },
    {
      "name": "TelegramBotTokenDetector"
    },
    {
      "name": "TwilioKeyDetector"
    }
  ],
  "filters_used": [
    {
      "path": "detect_secrets.filters.allowlist.is_line_allowlisted"
    },
    {
      "path": "detect_secrets.filters.common.is_baseline_file",
      "filename": ".secrets.baseline"
    },
    {
      "path": "detect_secrets.filters.common.is_ignored_due_to_verification_policies",
      "min_level": 2
    },
    {
      "path": "detect_secrets.filters.heuristic.is_indirect_reference"
    },
    {
      "path": "detect_secrets.filters.heuristic.is_likely_id_string"
    },
    {
      "path": "detect_secrets.filters.heuristic.is_lock_file"
    },
    {
      "path": "detect_secrets.filters.heuristic.is_not_alphanumeric_string"
    },
    {
      "path": "detect_secrets.filters.heuristic.is_potential_uuid"
    },
    {
      "path": "detect_secrets.filters.heuristic.is_prefixed_with_dollar_sign"
    },
    {
      "path": "detect_secrets.filters.heuristic.is_sequential_string"
    },
    {
      "path": "detect_secrets.filters.heuristic.is_swagger_file"
    },
    {
      "path": "detect_secrets.filters.heuristic.is_templated_secret"
    },
    {
      "path": "detect_secrets.filters.regex.should_exclude_file",
      "pattern": [
        "\\.wt/|\\.venv/|\\.secrets\\.baseline|\\.security/"
      ]
    }
  ],
  "results": {
    "CHANGELOG.md": [
      {
        "type": "Secret Keyword",
        "filename": "CHANGELOG.md",
        "hashed_secret": "6367c48dd193d56ea7b0baad25b19455e529f5ee",
        "is_verified": false,
        "line_number": 773
      },
      {
        "type": "Basic Auth Credentials",
        "filename": "CHANGELOG.md",
        "hashed_secret": "9d4e1e23bd5b727046a9e3b4b7db57bd8d6ee684",
        "is_verified": false,
        "line_number": 1110
      }
    ],
    "SECURITY.md": [
      {
        "type": "Basic Auth Credentials",
        "filename": "SECURITY.md",
        "hashed_secret": "9d4e1e23bd5b727046a9e3b4b7db57bd8d6ee684",
        "is_verified": false,
        "line_number": 107
      }
    ],
    "docs/quarry.md": [
      {
        "type": "Secret Keyword",
        "filename": "docs/quarry.md",
        "hashed_secret": "c7a8c334eef5d1749fface7d42c66f9ae5e8cf36",
        "is_verified": false,
        "line_number": 47
      }
    ],
    "docs/verification.md": [
      {
        "type": "Secret Keyword",
        "filename": "docs/verification.md",
        "hashed_secret": "c7a8c334eef5d1749fface7d42c66f9ae5e8cf36",
        "is_verified": false,
        "line_number": 147
      }
    ],
    "src/mylonite/_redaction.py": [
      {
        "type": "Basic Auth Credentials",
        "filename": "src/mylonite/_redaction.py",
        "hashed_secret": "e5e9fa1ba31ecd1ae84f75caaa474f3a663f05f4",
        "is_verified": false,
        "line_number": 107
      }
    ],
    "src/mylonite/scan/llm_policy.py": [
      {
        "type": "Basic Auth Credentials",
        "filename": "src/mylonite/scan/llm_policy.py",
        "hashed_secret": "9d4e1e23bd5b727046a9e3b4b7db57bd8d6ee684",
        "is_verified": false,
        "line_number": 68
      }
    ],
    "tests/gate/test_recommend.py": [
      {
        "type": "Secret Keyword",
        "filename": "tests/gate/test_recommend.py",
        "hashed_secret": "c106f340ec6c5f66bc159a4d7975f7c26b92f0f1",
        "is_verified": false,
        "line_number": 642
      }
    ],
    "tests/mcp_plugin/test_session_adapter_redaction.py": [
      {
        "type": "Secret Keyword",
        "filename": "tests/mcp_plugin/test_session_adapter_redaction.py",
        "hashed_secret": "c106f340ec6c5f66bc159a4d7975f7c26b92f0f1",
        "is_verified": false,
        "line_number": 19
      }
    ],
    "tests/mcp_plugin/test_stdio_adapter.py": [
      {
        "type": "Base64 High Entropy String",
        "filename": "tests/mcp_plugin/test_stdio_adapter.py",
        "hashed_secret": "a82d7ed6e24d3520b89d1214c832a516c1ad6293",
        "is_verified": false,
        "line_number": 591
      }
    ],
    "tests/scan/test_llm_policy.py": [
      {
        "type": "Secret Keyword",
        "filename": "tests/scan/test_llm_policy.py",
        "hashed_secret": "e9a5f12a8ecbb3eb46eca5096b5c52aa5e7c9fdd",
        "is_verified": false,
        "line_number": 46
      },
      {
        "type": "Basic Auth Credentials",
        "filename": "tests/scan/test_llm_policy.py",
        "hashed_secret": "9d4e1e23bd5b727046a9e3b4b7db57bd8d6ee684",
        "is_verified": false,
        "line_number": 82
      },
      {
        "type": "Basic Auth Credentials",
        "filename": "tests/scan/test_llm_policy.py",
        "hashed_secret": "ec046dfcb0c948ef5df2bda3ead855a4d119ce7f",
        "is_verified": false,
        "line_number": 86
      }
    ],
    "tests/test_cli.py": [
      {
        "type": "Base64 High Entropy String",
        "filename": "tests/test_cli.py",
        "hashed_secret": "10c0480c3f8c5f9e9aa2ee1e32694e519adf94e9",
        "is_verified": false,
        "line_number": 668
      },
      {
        "type": "Secret Keyword",
        "filename": "tests/test_cli.py",
        "hashed_secret": "a19bb7b22625ab894962144c17aa94fcaa12b043",
        "is_verified": false,
        "line_number": 668
      },
      {
        "type": "Base64 High Entropy String",
        "filename": "tests/test_cli.py",
        "hashed_secret": "79079335824c419de7c3d74a4c9df5adb958f796",
        "is_verified": false,
        "line_number": 737
      },
      {
        "type": "Base64 High Entropy String",
        "filename": "tests/test_cli.py",
        "hashed_secret": "21a117de809490537fc0d2c423ae5d694487ffd0",
        "is_verified": false,
        "line_number": 738
      },
      {
        "type": "Base64 High Entropy String",
        "filename": "tests/test_cli.py",
        "hashed_secret": "3a2b1f6647e0724b46144845b8d62fe38e37d576",
        "is_verified": false,
        "line_number": 739
      },
      {
        "type": "Base64 High Entropy String",
        "filename": "tests/test_cli.py",
        "hashed_secret": "050c37f783ae5f8ece52de6407f6a5d38ce796d1",
        "is_verified": false,
        "line_number": 740
      },
      {
        "type": "Base64 High Entropy String",
        "filename": "tests/test_cli.py",
        "hashed_secret": "7de55b8f17a66497063f666514c3d5a64b27aebb",
        "is_verified": false,
        "line_number": 764
      },
      {
        "type": "Base64 High Entropy String",
        "filename": "tests/test_cli.py",
        "hashed_secret": "1111ebb1466b7ebe2a2a23f5bda947d130d7d9ff",
        "is_verified": false,
        "line_number": 811
      },
      {
        "type": "Base64 High Entropy String",
        "filename": "tests/test_cli.py",
        "hashed_secret": "7c211cbec704b858670f4a26c6fbefcb413f566b",
        "is_verified": false,
        "line_number": 2227
      },
      {
        "type": "Base64 High Entropy String",
        "filename": "tests/test_cli.py",
        "hashed_secret": "49b7333c91f7d0bae3e0cdad28e97dd523519af7",
        "is_verified": false,
        "line_number": 2234
      },
      {
        "type": "Base64 High Entropy String",
        "filename": "tests/test_cli.py",
        "hashed_secret": "727c5a4c3c8039b4bf0e60e018d7cd5a780daf33",
        "is_verified": false,
        "line_number": 2359
      },
      {
        "type": "Secret Keyword",
        "filename": "tests/test_cli.py",
        "hashed_secret": "5901726580d052d3ffc033e40a49e9aae598cf55",
        "is_verified": false,
        "line_number": 2894
      },
      {
        "type": "Base64 High Entropy String",
        "filename": "tests/test_cli.py",
        "hashed_secret": "7d56b1aa70daa07603f1bcc90aed6167310d870a",
        "is_verified": false,
        "line_number": 4828
      }
    ],
    "tests/test_config.py": [
      {
        "type": "Basic Auth Credentials",
        "filename": "tests/test_config.py",
        "hashed_secret": "9d4e1e23bd5b727046a9e3b4b7db57bd8d6ee684",
        "is_verified": false,
        "line_number": 114
      }
    ],
    "tests/test_redaction.py": [
      {
        "type": "Base64 High Entropy String",
        "filename": "tests/test_redaction.py",
        "hashed_secret": "a82d7ed6e24d3520b89d1214c832a516c1ad6293",
        "is_verified": false,
        "line_number": 34
      },
      {
        "type": "Base64 High Entropy String",
        "filename": "tests/test_redaction.py",
        "hashed_secret": "70557d1ea749e6dda526dc4ab478f1a327f43df9",
        "is_verified": false,
        "line_number": 35
      },
      {
        "type": "AWS Access Key",
        "filename": "tests/test_redaction.py",
        "hashed_secret": "1d5bc0e7232d07b336f4d35db4c0200142962f4a",
        "is_verified": false,
        "line_number": 36
      },
      {
        "type": "Base64 High Entropy String",
        "filename": "tests/test_redaction.py",
        "hashed_secret": "ab51882da5cc356d55024a699ca11bc9fa862257",
        "is_verified": false,
        "line_number": 37
      },
      {
        "type": "Base64 High Entropy String",
        "filename": "tests/test_redaction.py",
        "hashed_secret": "7b4a1dd92c33845e29877de8c1a962aa20aca413",
        "is_verified": false,
        "line_number": 72
      },
      {
        "type": "Base64 High Entropy String",
        "filename": "tests/test_redaction.py",
        "hashed_secret": "9c5f5c2eb01819c60eac12a788ecefe0ac750006",
        "is_verified": false,
        "line_number": 73
      },
      {
        "type": "Secret Keyword",
        "filename": "tests/test_redaction.py",
        "hashed_secret": "b4bf8707458d2f369b50e59ee5d42357bfd4e54c",
        "is_verified": false,
        "line_number": 83
      },
      {
        "type": "Base64 High Entropy String",
        "filename": "tests/test_redaction.py",
        "hashed_secret": "34c30635c11eea496d5a37f53a432e04cab1532d",
        "is_verified": false,
        "line_number": 129
      },
      {
        "type": "Basic Auth Credentials",
        "filename": "tests/test_redaction.py",
        "hashed_secret": "3ed9fbbd10ebd33819a3f1ca19555520a58cc16f",
        "is_verified": false,
        "line_number": 264
      },
      {
        "type": "Secret Keyword",
        "filename": "tests/test_redaction.py",
        "hashed_secret": "bfd3617727eab0e800e62a776c76381defbc4145",
        "is_verified": false,
        "line_number": 346
      },
      {
        "type": "Secret Keyword",
        "filename": "tests/test_redaction.py",
        "hashed_secret": "fcc33fa076f8d5c19ec242dd22f7053e307cf7a2",
        "is_verified": false,
        "line_number": 347
      },
      {
        "type": "Secret Keyword",
        "filename": "tests/test_redaction.py",
        "hashed_secret": "5901726580d052d3ffc033e40a49e9aae598cf55",
        "is_verified": false,
        "line_number": 370
      }
    ],
    "tests/test_report_bundle.py": [
      {
        "type": "Secret Keyword",
        "filename": "tests/test_report_bundle.py",
        "hashed_secret": "5901726580d052d3ffc033e40a49e9aae598cf55",
        "is_verified": false,
        "line_number": 127
      }
    ],
    "tests/test_report_sarif.py": [
      {
        "type": "Secret Keyword",
        "filename": "tests/test_report_sarif.py",
        "hashed_secret": "5901726580d052d3ffc033e40a49e9aae598cf55",
        "is_verified": false,
        "line_number": 172
      }
    ],
    "verification/EXTERNAL_DIFFERENTIAL.md": [
      {
        "type": "Secret Keyword",
        "filename": "verification/EXTERNAL_DIFFERENTIAL.md",
        "hashed_secret": "ec3810e10fb78db55ce38b9c18d1c3eb1db739e0",
        "is_verified": false,
        "line_number": 31
      }
    ],
    "verification/fetch.py": [
      {
        "type": "Hex High Entropy String",
        "filename": "verification/fetch.py",
        "hashed_secret": "7f98339de86431384690aecdf3c8069cbd9e9c82",
        "is_verified": false,
        "line_number": 26
      },
      {
        "type": "Hex High Entropy String",
        "filename": "verification/fetch.py",
        "hashed_secret": "78c3a6eba24492ca1b95810ac8ff3e869c808aa4",
        "is_verified": false,
        "line_number": 32
      },
      {
        "type": "Hex High Entropy String",
        "filename": "verification/fetch.py",
        "hashed_secret": "03fc1c121f555e53dc16f66c81d0736f6c7ded89",
        "is_verified": false,
        "line_number": 33
      },
      {
        "type": "Hex High Entropy String",
        "filename": "verification/fetch.py",
        "hashed_secret": "e6f1144d60542dd10ab83bd137b1a1403dfd403f",
        "is_verified": false,
        "line_number": 34
      },
      {
        "type": "Hex High Entropy String",
        "filename": "verification/fetch.py",
        "hashed_secret": "b51b1b0db27b67551dd4df716036789781a83003",
        "is_verified": false,
        "line_number": 35
      },
      {
        "type": "Hex High Entropy String",
        "filename": "verification/fetch.py",
        "hashed_secret": "a8ed02dda18c0c6d95e88bc40dffa0fa63ecea28",
        "is_verified": false,
        "line_number": 36
      },
      {
        "type": "Hex High Entropy String",
        "filename": "verification/fetch.py",
        "hashed_secret": "f00cd09b86077157fffd7cb6f72273adf4db747d",
        "is_verified": false,
        "line_number": 99
      },
      {
        "type": "Hex High Entropy String",
        "filename": "verification/fetch.py",
        "hashed_secret": "ddabd26bd39529609ebe44116c4d074a419ac1ae",
        "is_verified": false,
        "line_number": 156
      }
    ]
  }
}
